// Jest Snapshot v1, https://goo.gl/fbAQLP

exports[`Routes return data Get JSON response when requesting projects 1`] = `
Array [
  Object {
    "author": "Bears 19",
    "category": Array [
      "web",
      "development",
    ],
    "description": "lore ipsum....",
    "id": "1",
    "keywords": Array [
      "web",
      "react",
      "js",
    ],
    "title": "snap this",
  },
  Object {
    "author": "Bears 19",
    "category": Array [
      "gaming",
    ],
    "description": "lore ipsum....",
    "id": "1",
    "keywords": Array [
      "web",
      "react",
      "js",
    ],
    "title": "buckets challange",
  },
]
`;
